// Jest Snapshot v1, https://goo.gl/fbAQLP

exports[`<ErrorBoundary /> displays error message on error generated by child 1`] = `
<Fragment>
  <div>
    error name
  </div>
  <div />
</Fragment>
`;
